                              1 ;--------------------------------------------------------
                              2 ; File Created by SDCC : FreeWare ANSI-C Compiler
                              3 ; Version 2.3.1 Sun Jul  3 13:01:02 2022
                              4 
                              5 ;--------------------------------------------------------
                              6 	.module lcc45690
                              7 	
                              8 ;--------------------------------------------------------
                              9 ; Public variables in this module
                             10 ;--------------------------------------------------------
                             11 	.globl _Alphabet
                             12 ;--------------------------------------------------------
                             13 ; special function registers
                             14 ;--------------------------------------------------------
                             15 ;--------------------------------------------------------
                             16 ; special function bits 
                             17 ;--------------------------------------------------------
                             18 ;--------------------------------------------------------
                             19 ; internal ram data
                             20 ;--------------------------------------------------------
                             21 	.area _DATA
   0000                      22 _Alphabet::
   0000                      23 	.ds 944
                             24 ;--------------------------------------------------------
                             25 ; overlayable items in internal ram 
                             26 ;--------------------------------------------------------
                             27 	.area _OVERLAY
                             28 ;--------------------------------------------------------
                             29 ; indirectly addressable internal ram data
                             30 ;--------------------------------------------------------
                             31 	.area _ISEG
                             32 ;--------------------------------------------------------
                             33 ; bit data
                             34 ;--------------------------------------------------------
                             35 	.area _BSEG
                             36 ;--------------------------------------------------------
                             37 ; external ram data
                             38 ;--------------------------------------------------------
                             39 	.area _XSEG
                             40 ;--------------------------------------------------------
                             41 ; global & static initialisations
                             42 ;--------------------------------------------------------
                             43 	.area _GSINIT
                             44 	.area _GSFINAL
                             45 	.area _GSINIT
                             46 ;	data/egj2022/alphabet.c 26
                             47 ;	data/egj2022/alphabet.c 147
                             48 ;	genArrayInit
                             49 ; _saveRegsForCall: sendSetSize: 0 deInUse: 0 bcInUse: 0 deSending: 0
   0000 21 00 00             50 	ld	hl,#_Alphabet
   0003 CD 00 00             51 	call	__initrleblock
   0006 0A                   52 	.db	10
   0007 18 18 24 24 42 42    53 	.db	0x18, 0x18, 0x24, 0x24, 0x42, 0x42, 0x42, 0x42
        42 42
   000F 7E 7E                54 	.db	0x7E, 0x7E
   0011 FA 42                55 	.db	-6,0x42
   0013 08                   56 	.db	8
   0014 3C 3C 42 42 42 42    57 	.db	0x3C, 0x3C, 0x42, 0x42, 0x42, 0x42, 0x7C, 0x7C
        7C 7C
   001C FA 42                58 	.db	-6,0x42
   001E 04                   59 	.db	4
   001F 7C 7C 3E 3E          60 	.db	0x7C, 0x7C, 0x3E, 0x3E
   0023 F4 40                61 	.db	-12,0x40
   0025 04                   62 	.db	4
   0026 7E 7E 3C 3C          63 	.db	0x7E, 0x7E, 0x3C, 0x3C
   002A F4 42                64 	.db	-12,0x42
   002C 0A                   65 	.db	10
   002D 7C 7C 3E 3E 40 40    66 	.db	0x7C, 0x7C, 0x3E, 0x3E, 0x40, 0x40, 0x40, 0x40
        40 40
   0035 7E 7E                67 	.db	0x7E, 0x7E
   0037 FA 40                68 	.db	-6,0x40
   0039 0A                   69 	.db	10
   003A 7E 7E 3E 3E 40 40    70 	.db	0x7E, 0x7E, 0x3E, 0x3E, 0x40, 0x40, 0x40, 0x40
        40 40
   0042 7C 7C                71 	.db	0x7C, 0x7C
   0044 F8 40                72 	.db	-8,0x40
   0046 08                   73 	.db	8
   0047 3C 3C 40 40 40 40    74 	.db	0x3C, 0x3C, 0x40, 0x40, 0x40, 0x40, 0x4E, 0x4E
        4E 4E
   004F FA 42                75 	.db	-6,0x42
   0051 02                   76 	.db	2
   0052 7C 7C                77 	.db	0x7C, 0x7C
   0054 FA 42                78 	.db	-6,0x42
   0056 02                   79 	.db	2
   0057 7E 7E                80 	.db	0x7E, 0x7E
   0059 F8 42                81 	.db	-8,0x42
   005B 02                   82 	.db	2
   005C 38 38                83 	.db	0x38, 0x38
   005E F4 10                84 	.db	-12,0x10
   0060 04                   85 	.db	4
   0061 38 38 1C 1C          86 	.db	0x38, 0x38, 0x1C, 0x1C
   0065 F8 08                87 	.db	-8,0x08
   0067 16                   88 	.db	22
   0068 48 48 48 48 78 78    89 	.db	0x48, 0x48, 0x48, 0x48, 0x78, 0x78, 0x44, 0x44
        44 44
   0070 48 48 50 50 60 60    90 	.db	0x48, 0x48, 0x50, 0x50, 0x60, 0x60, 0x50, 0x50
        50 50
   0078 48 48 44 44 42 42    91 	.db	0x48, 0x48, 0x44, 0x44, 0x42, 0x42
   007E F2 40                92 	.db	-14,0x40
   0080 08                   93 	.db	8
   0081 7E 7E 00 00 66 66    94 	.db	0x7E, 0x7E, 0x00, 0x00, 0x66, 0x66, 0x5A, 0x5A
        5A 5A
   0089 F4 42                95 	.db	-12,0x42
   008B 08                   96 	.db	8
   008C 62 62 52 52 4A 4A    97 	.db	0x62, 0x62, 0x52, 0x52, 0x4A, 0x4A, 0x46, 0x46
        46 46
   0094 FA 42                98 	.db	-6,0x42
   0096 02                   99 	.db	2
   0097 3C 3C               100 	.db	0x3C, 0x3C
   0099 F4 42               101 	.db	-12,0x42
   009B 04                  102 	.db	4
   009C 3C 3C 3C 3C         103 	.db	0x3C, 0x3C, 0x3C, 0x3C
   00A0 FA 42               104 	.db	-6,0x42
   00A2 02                  105 	.db	2
   00A3 7C 7C               106 	.db	0x7C, 0x7C
   00A5 FA 40               107 	.db	-6,0x40
   00A7 02                  108 	.db	2
   00A8 3C 3C               109 	.db	0x3C, 0x3C
   00AA F8 42               110 	.db	-8,0x42
   00AC 1E                  111 	.db	30
   00AD 4A 4A 44 44 3A 3A   112 	.db	0x4A, 0x4A, 0x44, 0x44, 0x3A, 0x3A, 0x3C, 0x3C
        3C 3C
   00B5 42 42 42 42 7C 7C   113 	.db	0x42, 0x42, 0x42, 0x42, 0x7C, 0x7C, 0x50, 0x50
        50 50
   00BD 48 48 44 44 42 42   114 	.db	0x48, 0x48, 0x44, 0x44, 0x42, 0x42, 0x3E, 0x3E
        3E 3E
   00C5 40 40 40 40 3C 3C   115 	.db	0x40, 0x40, 0x40, 0x40, 0x3C, 0x3C
   00CB FA 02               116 	.db	-6,0x02
   00CD 04                  117 	.db	4
   00CE 7C 7C 3E 3E         118 	.db	0x7C, 0x7C, 0x3E, 0x3E
   00D2 F2 08               119 	.db	-14,0x08
   00D4 F2 42               120 	.db	-14,0x42
   00D6 02                  121 	.db	2
   00D7 3C 3C               122 	.db	0x3C, 0x3C
   00D9 FA 42               123 	.db	-6,0x42
   00DB F8 24               124 	.db	-8,0x24
   00DD 02                  125 	.db	2
   00DE 18 18               126 	.db	0x18, 0x18
   00E0 F4 42               127 	.db	-12,0x42
   00E2 14                  128 	.db	20
   00E3 5A 5A 24 24 42 42   129 	.db	0x5A, 0x5A, 0x24, 0x24, 0x42, 0x42, 0x42, 0x42
        42 42
   00EB 24 24 18 18 18 18   130 	.db	0x24, 0x24, 0x18, 0x18, 0x18, 0x18, 0x24, 0x24
        24 24
   00F3 42 42 42 42         131 	.db	0x42, 0x42, 0x42, 0x42
   00F7 FA 22               132 	.db	-6,0x22
   00F9 02                  133 	.db	2
   00FA 14 14               134 	.db	0x14, 0x14
   00FC F8 08               135 	.db	-8,0x08
   00FE 1E                  136 	.db	30
   00FF 7E 7E 02 02 04 04   137 	.db	0x7E, 0x7E, 0x02, 0x02, 0x04, 0x04, 0x08, 0x08
        08 08
   0107 10 10 20 20 40 40   138 	.db	0x10, 0x10, 0x20, 0x20, 0x40, 0x40, 0x7E, 0x7E
        7E 7E
   010F 3C 3C 42 42 42 42   139 	.db	0x3C, 0x3C, 0x42, 0x42, 0x42, 0x42, 0x04, 0x04
        04 04
   0117 08 08 08 08 00 00   140 	.db	0x08, 0x08, 0x08, 0x08, 0x00, 0x00
   011D F2 08               141 	.db	-14,0x08
   011F 04                  142 	.db	4
   0120 00 00 08 08         143 	.db	0x00, 0x00, 0x08, 0x08
   0124 F2 00               144 	.db	-14,0x00
   0126 02                  145 	.db	2
   0127 08 08               146 	.db	0x08, 0x08
   0129 F6 00               147 	.db	-10,0x00
   012B 0C                  148 	.db	12
   012C 04 04 04 04 08 08   149 	.db	0x04, 0x04, 0x04, 0x04, 0x08, 0x08, 0x04, 0x04
        04 04
   0134 04 04 08 08         150 	.db	0x04, 0x04, 0x08, 0x08
   0138 F2 00               151 	.db	-14,0x00
   013A 02                  152 	.db	2
   013B 08 08               153 	.db	0x08, 0x08
   013D F8 00               154 	.db	-8,0x00
   013F 02                  155 	.db	2
   0140 08 08               156 	.db	0x08, 0x08
   0142 FA 00               157 	.db	-6,0x00
   0144 02                  158 	.db	2
   0145 38 38               159 	.db	0x38, 0x38
   0147 FA 44               160 	.db	-6,0x44
   0149 0A                  161 	.db	10
   014A 3E 3E 00 00 40 40   162 	.db	0x3E, 0x3E, 0x00, 0x00, 0x40, 0x40, 0x40, 0x40
        40 40
   0152 7C 7C               163 	.db	0x7C, 0x7C
   0154 FA 42               164 	.db	-6,0x42
   0156 02                  165 	.db	2
   0157 7C 7C               166 	.db	0x7C, 0x7C
   0159 FA 00               167 	.db	-6,0x00
   015B 02                  168 	.db	2
   015C 38 38               169 	.db	0x38, 0x38
   015E FA 40               170 	.db	-6,0x40
   0160 0A                  171 	.db	10
   0161 38 38 00 00 02 02   172 	.db	0x38, 0x38, 0x00, 0x00, 0x02, 0x02, 0x02, 0x02
        02 02
   0169 3E 3E               173 	.db	0x3E, 0x3E
   016B FA 42               174 	.db	-6,0x42
   016D 02                  175 	.db	2
   016E 3E 3E               176 	.db	0x3E, 0x3E
   0170 FA 00               177 	.db	-6,0x00
   0172 14                  178 	.db	20
   0173 30 30 48 48 78 78   179 	.db	0x30, 0x30, 0x48, 0x48, 0x78, 0x78, 0x40, 0x40
        40 40
   017B 78 78 00 00 00 00   180 	.db	0x78, 0x78, 0x00, 0x00, 0x00, 0x00, 0x38, 0x38
        38 38
   0183 40 40 70 70         181 	.db	0x40, 0x40, 0x70, 0x70
   0187 FA 40               182 	.db	-6,0x40
   0189 1A                  183 	.db	26
   018A 00 00 00 00 38 38   184 	.db	0x00, 0x00, 0x00, 0x00, 0x38, 0x38, 0x44, 0x44
        44 44
   0192 44 44 3C 3C 04 04   185 	.db	0x44, 0x44, 0x3C, 0x3C, 0x04, 0x04, 0x38, 0x38
        38 38
   019A 00 00 00 00 40 40   186 	.db	0x00, 0x00, 0x00, 0x00, 0x40, 0x40, 0x40, 0x40
        40 40
   01A2 70 70               187 	.db	0x70, 0x70
   01A4 FA 48               188 	.db	-6,0x48
   01A6 FA 00               189 	.db	-6,0x00
   01A8 04                  190 	.db	4
   01A9 10 10 00 00         191 	.db	0x10, 0x10, 0x00, 0x00
   01AD FA 10               192 	.db	-6,0x10
   01AF 08                  193 	.db	8
   01B0 00 00 00 00 08 08   194 	.db	0x00, 0x00, 0x00, 0x00, 0x08, 0x08, 0x00, 0x00
        00 00
   01B8 FA 08               195 	.db	-6,0x08
   01BA 02                  196 	.db	2
   01BB 18 18               197 	.db	0x18, 0x18
   01BD FA 00               198 	.db	-6,0x00
   01BF 0E                  199 	.db	14
   01C0 48 48 50 50 60 60   200 	.db	0x48, 0x48, 0x50, 0x50, 0x60, 0x60, 0x50, 0x50
        50 50
   01C8 48 48 00 00 00 00   201 	.db	0x48, 0x48, 0x00, 0x00, 0x00, 0x00
   01CE F6 20               202 	.db	-10,0x20
   01D0 02                  203 	.db	2
   01D1 38 38               204 	.db	0x38, 0x38
   01D3 FA 00               205 	.db	-6,0x00
   01D5 04                  206 	.db	4
   01D6 6C 6C 54 54         207 	.db	0x6C, 0x6C, 0x54, 0x54
   01DA FA 44               208 	.db	-6,0x44
   01DC F8 00               209 	.db	-8,0x00
   01DE 02                  210 	.db	2
   01DF 78 78               211 	.db	0x78, 0x78
   01E1 FA 44               212 	.db	-6,0x44
   01E3 FA 00               213 	.db	-6,0x00
   01E5 02                  214 	.db	2
   01E6 38 38               215 	.db	0x38, 0x38
   01E8 FA 44               216 	.db	-6,0x44
   01EA 22                  217 	.db	34
   01EB 38 38 00 00 00 00   218 	.db	0x38, 0x38, 0x00, 0x00, 0x00, 0x00, 0x38, 0x38
        38 38
   01F3 44 44 44 44 78 78   219 	.db	0x44, 0x44, 0x44, 0x44, 0x78, 0x78, 0x40, 0x40
        40 40
   01FB 40 40 00 00 00 00   220 	.db	0x40, 0x40, 0x00, 0x00, 0x00, 0x00, 0x38, 0x38
        38 38
   0203 44 44 44 44 3C 3C   221 	.db	0x44, 0x44, 0x44, 0x44, 0x3C, 0x3C, 0x04, 0x04
        04 04
   020B 04 04               222 	.db	0x04, 0x04
   020D FA 00               223 	.db	-6,0x00
   020F 02                  224 	.db	2
   0210 38 38               225 	.db	0x38, 0x38
   0212 F8 40               226 	.db	-8,0x40
   0214 FA 00               227 	.db	-6,0x00
   0216 0A                  228 	.db	10
   0217 38 38 40 40 38 38   229 	.db	0x38, 0x38, 0x40, 0x40, 0x38, 0x38, 0x04, 0x04
        04 04
   021F 38 38               230 	.db	0x38, 0x38
   0221 FA 00               231 	.db	-6,0x00
   0223 02                  232 	.db	2
   0224 38 38               233 	.db	0x38, 0x38
   0226 F8 10               234 	.db	-8,0x10
   0228 FA 00               235 	.db	-6,0x00
   022A F8 44               236 	.db	-8,0x44
   022C 02                  237 	.db	2
   022D 38 38               238 	.db	0x38, 0x38
   022F FA 00               239 	.db	-6,0x00
   0231 FA 44               240 	.db	-6,0x44
   0233 04                  241 	.db	4
   0234 28 28 10 10         242 	.db	0x28, 0x28, 0x10, 0x10
   0238 FA 00               243 	.db	-6,0x00
   023A FA 22               244 	.db	-6,0x22
   023C 04                  245 	.db	4
   023D 2A 2A 14 14         246 	.db	0x2A, 0x2A, 0x14, 0x14
   0241 FA 00               247 	.db	-6,0x00
   0243 0A                  248 	.db	10
   0244 22 22 14 14 08 08   249 	.db	0x22, 0x22, 0x14, 0x14, 0x08, 0x08, 0x14, 0x14
        14 14
   024C 22 22               250 	.db	0x22, 0x22
   024E FA 00               251 	.db	-6,0x00
   0250 0A                  252 	.db	10
   0251 24 24 24 24 1C 1C   253 	.db	0x24, 0x24, 0x24, 0x24, 0x1C, 0x1C, 0x04, 0x04
        04 04
   0259 1C 1C               254 	.db	0x1C, 0x1C
   025B FA 00               255 	.db	-6,0x00
   025D 0A                  256 	.db	10
   025E 3C 3C 04 04 08 08   257 	.db	0x3C, 0x3C, 0x04, 0x04, 0x08, 0x08, 0x10, 0x10
        10 10
   0266 3C 3C               258 	.db	0x3C, 0x3C
   0268 F0 00               259 	.db	-16,0x00
   026A 00                  260 	.db	0
                            261 ;--------------------------------------------------------
                            262 ; Home
                            263 ;--------------------------------------------------------
                            264 	.area _HOME
                            265 	.area _CODE_2
                            266 ;--------------------------------------------------------
                            267 ; code
                            268 ;--------------------------------------------------------
                            269 	.area _CODE_2
                            270 	.area _CODE_2
ASxxxx Assembler V01.75  (GameBoy Z80-like CPU), page 1.

Symbol Table

  1 _Alphabet                          0000 GR
    __initrleblock                     **** GX

ASxxxx Assembler V01.75  (GameBoy Z80-like CPU), page 2.

Area Table

   0 _CODE                              size    0   flags 0
   1 _DATA                              size  3B0   flags 0
   2 _OVERLAY                           size    0   flags 0
   3 _ISEG                              size    0   flags 0
   4 _BSEG                              size    0   flags 0
   5 _XSEG                              size    0   flags 0
   6 _GSINIT                            size  26B   flags 0
   7 _GSFINAL                           size    0   flags 0
   8 _HOME                              size    0   flags 0
   9 _CODE_2                            size    0   flags 0
