                              1 ;--------------------------------------------------------
                              2 ; File Created by SDCC : FreeWare ANSI-C Compiler
                              3 ; Version 2.3.1 Sun Jul  3 13:01:02 2022
                              4 
                              5 ;--------------------------------------------------------
                              6 	.module lcc45810
                              7 	
                              8 ;--------------------------------------------------------
                              9 ; Public variables in this module
                             10 ;--------------------------------------------------------
                             11 	.globl _MainTheme3
                             12 	.globl _MainTheme2
                             13 	.globl _MainTheme1
                             14 	.globl _MainTheme0
                             15 	.globl _MainTheme_Data
                             16 ;--------------------------------------------------------
                             17 ; special function registers
                             18 ;--------------------------------------------------------
                             19 ;--------------------------------------------------------
                             20 ; special function bits 
                             21 ;--------------------------------------------------------
                             22 ;--------------------------------------------------------
                             23 ; internal ram data
                             24 ;--------------------------------------------------------
                             25 	.area _DATA
   0000                      26 _MainTheme_Data::
   0000                      27 	.ds 10
                             28 ;--------------------------------------------------------
                             29 ; overlayable items in internal ram 
                             30 ;--------------------------------------------------------
                             31 	.area _OVERLAY
                             32 ;--------------------------------------------------------
                             33 ; indirectly addressable internal ram data
                             34 ;--------------------------------------------------------
                             35 	.area _ISEG
                             36 ;--------------------------------------------------------
                             37 ; bit data
                             38 ;--------------------------------------------------------
                             39 	.area _BSEG
                             40 ;--------------------------------------------------------
                             41 ; external ram data
                             42 ;--------------------------------------------------------
                             43 	.area _XSEG
                             44 ;--------------------------------------------------------
                             45 ; global & static initialisations
                             46 ;--------------------------------------------------------
                             47 	.area _GSINIT
                             48 	.area _GSFINAL
                             49 	.area _GSINIT
                             50 ;	data/egj2022/music_output.c 281
                             51 ;	genAssign (pointer)
   0000 11 00 00             52 	ld	de,#_MainTheme_Data
   0003 3E 00                53 	ld	a,#<_MainTheme0
   0005 12                   54 	ld	(de),a
   0006 13                   55 	inc	de
   0007 3E 00                56 	ld	a,#>_MainTheme0
   0009 12                   57 	ld	(de),a
                             58 ;	genPlus
                             59 ;	genPlusIncr
   000A 01 02 00             60 	ld	bc,#_MainTheme_Data + 2
                             61 ;	genAssign (pointer)
   000D 59                   62 	ld	e,c
   000E 50                   63 	ld	d,b
   000F 3E 0A                64 	ld	a,#<_MainTheme1
   0011 12                   65 	ld	(de),a
   0012 13                   66 	inc	de
   0013 3E 01                67 	ld	a,#>_MainTheme1
   0015 12                   68 	ld	(de),a
                             69 ;	genPlus
                             70 ;	genPlusIncr
   0016 01 04 00             71 	ld	bc,#_MainTheme_Data + 4
                             72 ;	genAssign (pointer)
   0019 59                   73 	ld	e,c
   001A 50                   74 	ld	d,b
   001B 3E 39                75 	ld	a,#<_MainTheme2
   001D 12                   76 	ld	(de),a
   001E 13                   77 	inc	de
   001F 3E 02                78 	ld	a,#>_MainTheme2
   0021 12                   79 	ld	(de),a
                             80 ;	genPlus
                             81 ;	genPlusIncr
   0022 01 06 00             82 	ld	bc,#_MainTheme_Data + 6
                             83 ;	genAssign (pointer)
   0025 59                   84 	ld	e,c
   0026 50                   85 	ld	d,b
   0027 3E 77                86 	ld	a,#<_MainTheme3
   0029 12                   87 	ld	(de),a
   002A 13                   88 	inc	de
   002B 3E 03                89 	ld	a,#>_MainTheme3
   002D 12                   90 	ld	(de),a
                             91 ;	genPlus
                             92 ;	genPlusIncr
   002E 21 08 00             93 	ld	hl,#_MainTheme_Data + 8
                             94 ;	genAssign (pointer)
   0031 5D                   95 	ld	e,l
   0032 54                   96 	ld	d,h
   0033 3E 00                97 	ld	a,#0x00
   0035 12                   98 	ld	(de),a
   0036 13                   99 	inc	de
   0037 3E 00               100 	ld	a,#0x00
   0039 12                  101 	ld	(de),a
                            102 ;--------------------------------------------------------
                            103 ; Home
                            104 ;--------------------------------------------------------
                            105 	.area _HOME
                            106 	.area _CODE_5
                            107 ;--------------------------------------------------------
                            108 ; code
                            109 ;--------------------------------------------------------
                            110 	.area _CODE_5
                            111 	.area _CODE_5
   0000                     112 _MainTheme0:
   0000 00                  113 	.db #0x00
   0001 8D                  114 	.db #0x8D
   0002 28                  115 	.db #0x28
   0003 00                  116 	.db #0x00
   0004 4A                  117 	.db #0x4A
   0005 0C                  118 	.db #0x0C
   0006 00                  119 	.db #0x00
   0007 24                  120 	.db #0x24
   0008 00                  121 	.db #0x00
   0009 00                  122 	.db #0x00
   000A 00                  123 	.db #0x00
   000B 94                  124 	.db #0x94
   000C 28                  125 	.db #0x28
   000D 00                  126 	.db #0x00
   000E 00                  127 	.db #0x00
   000F 00                  128 	.db #0x00
   0010 24                  129 	.db #0x24
   0011 00                  130 	.db #0x00
   0012 00                  131 	.db #0x00
   0013 00                  132 	.db #0x00
   0014 8D                  133 	.db #0x8D
   0015 28                  134 	.db #0x28
   0016 00                  135 	.db #0x00
   0017 00                  136 	.db #0x00
   0018 00                  137 	.db #0x00
   0019 24                  138 	.db #0x24
   001A 00                  139 	.db #0x00
   001B 00                  140 	.db #0x00
   001C 00                  141 	.db #0x00
   001D 94                  142 	.db #0x94
   001E 28                  143 	.db #0x28
   001F 00                  144 	.db #0x00
   0020 00                  145 	.db #0x00
   0021 00                  146 	.db #0x00
   0022 24                  147 	.db #0x24
   0023 00                  148 	.db #0x00
   0024 00                  149 	.db #0x00
   0025 00                  150 	.db #0x00
   0026 8D                  151 	.db #0x8D
   0027 28                  152 	.db #0x28
   0028 00                  153 	.db #0x00
   0029 00                  154 	.db #0x00
   002A 00                  155 	.db #0x00
   002B 24                  156 	.db #0x24
   002C 00                  157 	.db #0x00
   002D 00                  158 	.db #0x00
   002E 00                  159 	.db #0x00
   002F 94                  160 	.db #0x94
   0030 28                  161 	.db #0x28
   0031 00                  162 	.db #0x00
   0032 00                  163 	.db #0x00
   0033 00                  164 	.db #0x00
   0034 24                  165 	.db #0x24
   0035 00                  166 	.db #0x00
   0036 00                  167 	.db #0x00
   0037 00                  168 	.db #0x00
   0038 8D                  169 	.db #0x8D
   0039 28                  170 	.db #0x28
   003A 00                  171 	.db #0x00
   003B 00                  172 	.db #0x00
   003C 00                  173 	.db #0x00
   003D 24                  174 	.db #0x24
   003E 00                  175 	.db #0x00
   003F 00                  176 	.db #0x00
   0040 00                  177 	.db #0x00
   0041 94                  178 	.db #0x94
   0042 28                  179 	.db #0x28
   0043 00                  180 	.db #0x00
   0044 00                  181 	.db #0x00
   0045 00                  182 	.db #0x00
   0046 24                  183 	.db #0x24
   0047 00                  184 	.db #0x00
   0048 49                  185 	.db #0x49
   0049 00                  186 	.db #0x00
   004A 00                  187 	.db #0x00
   004B 28                  188 	.db #0x28
   004C 00                  189 	.db #0x00
   004D 00                  190 	.db #0x00
   004E 00                  191 	.db #0x00
   004F 24                  192 	.db #0x24
   0050 00                  193 	.db #0x00
   0051 00                  194 	.db #0x00
   0052 00                  195 	.db #0x00
   0053 28                  196 	.db #0x28
   0054 00                  197 	.db #0x00
   0055 00                  198 	.db #0x00
   0056 00                  199 	.db #0x00
   0057 24                  200 	.db #0x24
   0058 00                  201 	.db #0x00
   0059 00                  202 	.db #0x00
   005A 00                  203 	.db #0x00
   005B 28                  204 	.db #0x28
   005C 00                  205 	.db #0x00
   005D 00                  206 	.db #0x00
   005E 00                  207 	.db #0x00
   005F 24                  208 	.db #0x24
   0060 00                  209 	.db #0x00
   0061 00                  210 	.db #0x00
   0062 00                  211 	.db #0x00
   0063 28                  212 	.db #0x28
   0064 00                  213 	.db #0x00
   0065 00                  214 	.db #0x00
   0066 00                  215 	.db #0x00
   0067 24                  216 	.db #0x24
   0068 00                  217 	.db #0x00
   0069 00                  218 	.db #0x00
   006A 00                  219 	.db #0x00
   006B 28                  220 	.db #0x28
   006C 00                  221 	.db #0x00
   006D 00                  222 	.db #0x00
   006E 00                  223 	.db #0x00
   006F 24                  224 	.db #0x24
   0070 00                  225 	.db #0x00
   0071 00                  226 	.db #0x00
   0072 00                  227 	.db #0x00
   0073 28                  228 	.db #0x28
   0074 00                  229 	.db #0x00
   0075 00                  230 	.db #0x00
   0076 00                  231 	.db #0x00
   0077 24                  232 	.db #0x24
   0078 00                  233 	.db #0x00
   0079 00                  234 	.db #0x00
   007A 00                  235 	.db #0x00
   007B 28                  236 	.db #0x28
   007C 00                  237 	.db #0x00
   007D 00                  238 	.db #0x00
   007E 00                  239 	.db #0x00
   007F 24                  240 	.db #0x24
   0080 00                  241 	.db #0x00
   0081 00                  242 	.db #0x00
   0082 00                  243 	.db #0x00
   0083 28                  244 	.db #0x28
   0084 00                  245 	.db #0x00
   0085 00                  246 	.db #0x00
   0086 00                  247 	.db #0x00
   0087 24                  248 	.db #0x24
   0088 00                  249 	.db #0x00
   0089 00                  250 	.db #0x00
   008A 00                  251 	.db #0x00
   008B 28                  252 	.db #0x28
   008C 00                  253 	.db #0x00
   008D 00                  254 	.db #0x00
   008E 00                  255 	.db #0x00
   008F 24                  256 	.db #0x24
   0090 00                  257 	.db #0x00
   0091 00                  258 	.db #0x00
   0092 00                  259 	.db #0x00
   0093 28                  260 	.db #0x28
   0094 00                  261 	.db #0x00
   0095 00                  262 	.db #0x00
   0096 00                  263 	.db #0x00
   0097 24                  264 	.db #0x24
   0098 00                  265 	.db #0x00
   0099 00                  266 	.db #0x00
   009A 00                  267 	.db #0x00
   009B 28                  268 	.db #0x28
   009C 00                  269 	.db #0x00
   009D 00                  270 	.db #0x00
   009E 00                  271 	.db #0x00
   009F 24                  272 	.db #0x24
   00A0 00                  273 	.db #0x00
   00A1 00                  274 	.db #0x00
   00A2 00                  275 	.db #0x00
   00A3 28                  276 	.db #0x28
   00A4 00                  277 	.db #0x00
   00A5 00                  278 	.db #0x00
   00A6 00                  279 	.db #0x00
   00A7 24                  280 	.db #0x24
   00A8 00                  281 	.db #0x00
   00A9 00                  282 	.db #0x00
   00AA 00                  283 	.db #0x00
   00AB 28                  284 	.db #0x28
   00AC 00                  285 	.db #0x00
   00AD 00                  286 	.db #0x00
   00AE 00                  287 	.db #0x00
   00AF 24                  288 	.db #0x24
   00B0 00                  289 	.db #0x00
   00B1 00                  290 	.db #0x00
   00B2 00                  291 	.db #0x00
   00B3 28                  292 	.db #0x28
   00B4 00                  293 	.db #0x00
   00B5 00                  294 	.db #0x00
   00B6 00                  295 	.db #0x00
   00B7 24                  296 	.db #0x24
   00B8 00                  297 	.db #0x00
   00B9 00                  298 	.db #0x00
   00BA 00                  299 	.db #0x00
   00BB 28                  300 	.db #0x28
   00BC 00                  301 	.db #0x00
   00BD 00                  302 	.db #0x00
   00BE 00                  303 	.db #0x00
   00BF 24                  304 	.db #0x24
   00C0 00                  305 	.db #0x00
   00C1 00                  306 	.db #0x00
   00C2 00                  307 	.db #0x00
   00C3 28                  308 	.db #0x28
   00C4 00                  309 	.db #0x00
   00C5 00                  310 	.db #0x00
   00C6 00                  311 	.db #0x00
   00C7 24                  312 	.db #0x24
   00C8 00                  313 	.db #0x00
   00C9 00                  314 	.db #0x00
   00CA 00                  315 	.db #0x00
   00CB 28                  316 	.db #0x28
   00CC 00                  317 	.db #0x00
   00CD 00                  318 	.db #0x00
   00CE 00                  319 	.db #0x00
   00CF 24                  320 	.db #0x24
   00D0 00                  321 	.db #0x00
   00D1 00                  322 	.db #0x00
   00D2 00                  323 	.db #0x00
   00D3 28                  324 	.db #0x28
   00D4 00                  325 	.db #0x00
   00D5 00                  326 	.db #0x00
   00D6 00                  327 	.db #0x00
   00D7 24                  328 	.db #0x24
   00D8 00                  329 	.db #0x00
   00D9 00                  330 	.db #0x00
   00DA 00                  331 	.db #0x00
   00DB 28                  332 	.db #0x28
   00DC 00                  333 	.db #0x00
   00DD 00                  334 	.db #0x00
   00DE 00                  335 	.db #0x00
   00DF 24                  336 	.db #0x24
   00E0 00                  337 	.db #0x00
   00E1 00                  338 	.db #0x00
   00E2 00                  339 	.db #0x00
   00E3 28                  340 	.db #0x28
   00E4 00                  341 	.db #0x00
   00E5 00                  342 	.db #0x00
   00E6 00                  343 	.db #0x00
   00E7 24                  344 	.db #0x24
   00E8 00                  345 	.db #0x00
   00E9 00                  346 	.db #0x00
   00EA 00                  347 	.db #0x00
   00EB 28                  348 	.db #0x28
   00EC 00                  349 	.db #0x00
   00ED 00                  350 	.db #0x00
   00EE 00                  351 	.db #0x00
   00EF 24                  352 	.db #0x24
   00F0 00                  353 	.db #0x00
   00F1 00                  354 	.db #0x00
   00F2 00                  355 	.db #0x00
   00F3 28                  356 	.db #0x28
   00F4 00                  357 	.db #0x00
   00F5 00                  358 	.db #0x00
   00F6 00                  359 	.db #0x00
   00F7 24                  360 	.db #0x24
   00F8 00                  361 	.db #0x00
   00F9 00                  362 	.db #0x00
   00FA 00                  363 	.db #0x00
   00FB 28                  364 	.db #0x28
   00FC 00                  365 	.db #0x00
   00FD 00                  366 	.db #0x00
   00FE 00                  367 	.db #0x00
   00FF 24                  368 	.db #0x24
   0100 00                  369 	.db #0x00
   0101 00                  370 	.db #0x00
   0102 00                  371 	.db #0x00
   0103 28                  372 	.db #0x28
   0104 00                  373 	.db #0x00
   0105 00                  374 	.db #0x00
   0106 00                  375 	.db #0x00
   0107 24                  376 	.db #0x24
   0108 00                  377 	.db #0x00
   0109 00                  378 	.db #0x00
   010A                     379 _MainTheme1:
   010A 8D                  380 	.db #0x8D
   010B 1F                  381 	.db #0x1F
   010C 8D                  382 	.db #0x8D
   010D 28                  383 	.db #0x28
   010E 00                  384 	.db #0x00
   010F 00                  385 	.db #0x00
   0110 28                  386 	.db #0x28
   0111 24                  387 	.db #0x24
   0112 00                  388 	.db #0x00
   0113 00                  389 	.db #0x00
   0114 94                  390 	.db #0x94
   0115 1F                  391 	.db #0x1F
   0116 94                  392 	.db #0x94
   0117 28                  393 	.db #0x28
   0118 00                  394 	.db #0x00
   0119 00                  395 	.db #0x00
   011A 28                  396 	.db #0x28
   011B 24                  397 	.db #0x24
   011C 00                  398 	.db #0x00
   011D 00                  399 	.db #0x00
   011E 9D                  400 	.db #0x9D
   011F 1F                  401 	.db #0x1F
   0120 8D                  402 	.db #0x8D
   0121 28                  403 	.db #0x28
   0122 00                  404 	.db #0x00
   0123 00                  405 	.db #0x00
   0124 28                  406 	.db #0x28
   0125 24                  407 	.db #0x24
   0126 00                  408 	.db #0x00
   0127 00                  409 	.db #0x00
   0128 9B                  410 	.db #0x9B
   0129 1F                  411 	.db #0x1F
   012A 94                  412 	.db #0x94
   012B 28                  413 	.db #0x28
   012C 00                  414 	.db #0x00
   012D 00                  415 	.db #0x00
   012E 28                  416 	.db #0x28
   012F 24                  417 	.db #0x24
   0130 00                  418 	.db #0x00
   0131 00                  419 	.db #0x00
   0132 9D                  420 	.db #0x9D
   0133 1F                  421 	.db #0x1F
   0134 8D                  422 	.db #0x8D
   0135 28                  423 	.db #0x28
   0136 00                  424 	.db #0x00
   0137 00                  425 	.db #0x00
   0138 28                  426 	.db #0x28
   0139 24                  427 	.db #0x24
   013A 00                  428 	.db #0x00
   013B 00                  429 	.db #0x00
   013C A0                  430 	.db #0xA0
   013D 1F                  431 	.db #0x1F
   013E 94                  432 	.db #0x94
   013F 28                  433 	.db #0x28
   0140 00                  434 	.db #0x00
   0141 00                  435 	.db #0x00
   0142 28                  436 	.db #0x28
   0143 24                  437 	.db #0x24
   0144 00                  438 	.db #0x00
   0145 00                  439 	.db #0x00
   0146 9D                  440 	.db #0x9D
   0147 1F                  441 	.db #0x1F
   0148 8D                  442 	.db #0x8D
   0149 28                  443 	.db #0x28
   014A 00                  444 	.db #0x00
   014B 00                  445 	.db #0x00
   014C 28                  446 	.db #0x28
   014D 24                  447 	.db #0x24
   014E 00                  448 	.db #0x00
   014F 00                  449 	.db #0x00
   0150 28                  450 	.db #0x28
   0151 94                  451 	.db #0x94
   0152 28                  452 	.db #0x28
   0153 00                  453 	.db #0x00
   0154 00                  454 	.db #0x00
   0155 20                  455 	.db #0x20
   0156 24                  456 	.db #0x24
   0157 00                  457 	.db #0x00
   0158 00                  458 	.db #0x00
   0159 8D                  459 	.db #0x8D
   015A 1F                  460 	.db #0x1F
   015B 8D                  461 	.db #0x8D
   015C 28                  462 	.db #0x28
   015D 00                  463 	.db #0x00
   015E 00                  464 	.db #0x00
   015F 28                  465 	.db #0x28
   0160 24                  466 	.db #0x24
   0161 00                  467 	.db #0x00
   0162 00                  468 	.db #0x00
   0163 94                  469 	.db #0x94
   0164 1F                  470 	.db #0x1F
   0165 94                  471 	.db #0x94
   0166 28                  472 	.db #0x28
   0167 00                  473 	.db #0x00
   0168 00                  474 	.db #0x00
   0169 28                  475 	.db #0x28
   016A 24                  476 	.db #0x24
   016B 00                  477 	.db #0x00
   016C 00                  478 	.db #0x00
   016D 9D                  479 	.db #0x9D
   016E 1F                  480 	.db #0x1F
   016F 8D                  481 	.db #0x8D
   0170 28                  482 	.db #0x28
   0171 00                  483 	.db #0x00
   0172 00                  484 	.db #0x00
   0173 28                  485 	.db #0x28
   0174 24                  486 	.db #0x24
   0175 00                  487 	.db #0x00
   0176 00                  488 	.db #0x00
   0177 9B                  489 	.db #0x9B
   0178 1F                  490 	.db #0x1F
   0179 94                  491 	.db #0x94
   017A 28                  492 	.db #0x28
   017B 00                  493 	.db #0x00
   017C 00                  494 	.db #0x00
   017D 28                  495 	.db #0x28
   017E 24                  496 	.db #0x24
   017F 00                  497 	.db #0x00
   0180 00                  498 	.db #0x00
   0181 9D                  499 	.db #0x9D
   0182 1F                  500 	.db #0x1F
   0183 8D                  501 	.db #0x8D
   0184 28                  502 	.db #0x28
   0185 00                  503 	.db #0x00
   0186 00                  504 	.db #0x00
   0187 28                  505 	.db #0x28
   0188 24                  506 	.db #0x24
   0189 00                  507 	.db #0x00
   018A 00                  508 	.db #0x00
   018B A0                  509 	.db #0xA0
   018C 1F                  510 	.db #0x1F
   018D 94                  511 	.db #0x94
   018E 28                  512 	.db #0x28
   018F 00                  513 	.db #0x00
   0190 00                  514 	.db #0x00
   0191 28                  515 	.db #0x28
   0192 24                  516 	.db #0x24
   0193 00                  517 	.db #0x00
   0194 00                  518 	.db #0x00
   0195 9D                  519 	.db #0x9D
   0196 1F                  520 	.db #0x1F
   0197 8D                  521 	.db #0x8D
   0198 28                  522 	.db #0x28
   0199 00                  523 	.db #0x00
   019A 00                  524 	.db #0x00
   019B 28                  525 	.db #0x28
   019C 24                  526 	.db #0x24
   019D 00                  527 	.db #0x00
   019E 00                  528 	.db #0x00
   019F 9B                  529 	.db #0x9B
   01A0 1F                  530 	.db #0x1F
   01A1 94                  531 	.db #0x94
   01A2 28                  532 	.db #0x28
   01A3 00                  533 	.db #0x00
   01A4 00                  534 	.db #0x00
   01A5 28                  535 	.db #0x28
   01A6 24                  536 	.db #0x24
   01A7 00                  537 	.db #0x00
   01A8 00                  538 	.db #0x00
   01A9 8D                  539 	.db #0x8D
   01AA 1F                  540 	.db #0x1F
   01AB AE                  541 	.db #0xAE
   01AC 10                  542 	.db #0x10
   01AD 00                  543 	.db #0x00
   01AE 00                  544 	.db #0x00
   01AF 28                  545 	.db #0x28
   01B0 24                  546 	.db #0x24
   01B1 00                  547 	.db #0x00
   01B2 00                  548 	.db #0x00
   01B3 94                  549 	.db #0x94
   01B4 1F                  550 	.db #0x1F
   01B5 94                  551 	.db #0x94
   01B6 28                  552 	.db #0x28
   01B7 00                  553 	.db #0x00
   01B8 00                  554 	.db #0x00
   01B9 28                  555 	.db #0x28
   01BA 24                  556 	.db #0x24
   01BB 00                  557 	.db #0x00
   01BC 00                  558 	.db #0x00
   01BD 9D                  559 	.db #0x9D
   01BE 1F                  560 	.db #0x1F
   01BF 8D                  561 	.db #0x8D
   01C0 28                  562 	.db #0x28
   01C1 00                  563 	.db #0x00
   01C2 00                  564 	.db #0x00
   01C3 28                  565 	.db #0x28
   01C4 24                  566 	.db #0x24
   01C5 00                  567 	.db #0x00
   01C6 00                  568 	.db #0x00
   01C7 9B                  569 	.db #0x9B
   01C8 1F                  570 	.db #0x1F
   01C9 94                  571 	.db #0x94
   01CA 28                  572 	.db #0x28
   01CB 00                  573 	.db #0x00
   01CC 00                  574 	.db #0x00
   01CD 28                  575 	.db #0x28
   01CE 24                  576 	.db #0x24
   01CF 00                  577 	.db #0x00
   01D0 00                  578 	.db #0x00
   01D1 9D                  579 	.db #0x9D
   01D2 1F                  580 	.db #0x1F
   01D3 8D                  581 	.db #0x8D
   01D4 28                  582 	.db #0x28
   01D5 00                  583 	.db #0x00
   01D6 00                  584 	.db #0x00
   01D7 28                  585 	.db #0x28
   01D8 24                  586 	.db #0x24
   01D9 00                  587 	.db #0x00
   01DA 00                  588 	.db #0x00
   01DB A0                  589 	.db #0xA0
   01DC 1F                  590 	.db #0x1F
   01DD 94                  591 	.db #0x94
   01DE 28                  592 	.db #0x28
   01DF 00                  593 	.db #0x00
   01E0 00                  594 	.db #0x00
   01E1 28                  595 	.db #0x28
   01E2 24                  596 	.db #0x24
   01E3 00                  597 	.db #0x00
   01E4 00                  598 	.db #0x00
   01E5 9D                  599 	.db #0x9D
   01E6 1F                  600 	.db #0x1F
   01E7 8D                  601 	.db #0x8D
   01E8 28                  602 	.db #0x28
   01E9 00                  603 	.db #0x00
   01EA 00                  604 	.db #0x00
   01EB 28                  605 	.db #0x28
   01EC 24                  606 	.db #0x24
   01ED 00                  607 	.db #0x00
   01EE 00                  608 	.db #0x00
   01EF 28                  609 	.db #0x28
   01F0 94                  610 	.db #0x94
   01F1 28                  611 	.db #0x28
   01F2 00                  612 	.db #0x00
   01F3 00                  613 	.db #0x00
   01F4 20                  614 	.db #0x20
   01F5 24                  615 	.db #0x24
   01F6 00                  616 	.db #0x00
   01F7 49                  617 	.db #0x49
   01F8 00                  618 	.db #0x00
   01F9 00                  619 	.db #0x00
   01FA 28                  620 	.db #0x28
   01FB 00                  621 	.db #0x00
   01FC 00                  622 	.db #0x00
   01FD 00                  623 	.db #0x00
   01FE 24                  624 	.db #0x24
   01FF 00                  625 	.db #0x00
   0200 00                  626 	.db #0x00
   0201 00                  627 	.db #0x00
   0202 28                  628 	.db #0x28
   0203 00                  629 	.db #0x00
   0204 00                  630 	.db #0x00
   0205 00                  631 	.db #0x00
   0206 24                  632 	.db #0x24
   0207 00                  633 	.db #0x00
   0208 00                  634 	.db #0x00
   0209 00                  635 	.db #0x00
   020A 28                  636 	.db #0x28
   020B 00                  637 	.db #0x00
   020C 00                  638 	.db #0x00
   020D 00                  639 	.db #0x00
   020E 24                  640 	.db #0x24
   020F 00                  641 	.db #0x00
   0210 00                  642 	.db #0x00
   0211 00                  643 	.db #0x00
   0212 28                  644 	.db #0x28
   0213 00                  645 	.db #0x00
   0214 00                  646 	.db #0x00
   0215 00                  647 	.db #0x00
   0216 24                  648 	.db #0x24
   0217 00                  649 	.db #0x00
   0218 00                  650 	.db #0x00
   0219 00                  651 	.db #0x00
   021A 28                  652 	.db #0x28
   021B 00                  653 	.db #0x00
   021C 00                  654 	.db #0x00
   021D 00                  655 	.db #0x00
   021E 24                  656 	.db #0x24
   021F 00                  657 	.db #0x00
   0220 00                  658 	.db #0x00
   0221 00                  659 	.db #0x00
   0222 28                  660 	.db #0x28
   0223 00                  661 	.db #0x00
   0224 00                  662 	.db #0x00
   0225 00                  663 	.db #0x00
   0226 24                  664 	.db #0x24
   0227 00                  665 	.db #0x00
   0228 00                  666 	.db #0x00
   0229 00                  667 	.db #0x00
   022A 28                  668 	.db #0x28
   022B 00                  669 	.db #0x00
   022C 00                  670 	.db #0x00
   022D 00                  671 	.db #0x00
   022E 24                  672 	.db #0x24
   022F 00                  673 	.db #0x00
   0230 00                  674 	.db #0x00
   0231 00                  675 	.db #0x00
   0232 28                  676 	.db #0x28
   0233 00                  677 	.db #0x00
   0234 00                  678 	.db #0x00
   0235 00                  679 	.db #0x00
   0236 24                  680 	.db #0x24
   0237 00                  681 	.db #0x00
   0238 00                  682 	.db #0x00
   0239                     683 _MainTheme2:
   0239 8D                  684 	.db #0x8D
   023A 1F                  685 	.db #0x1F
   023B 8D                  686 	.db #0x8D
   023C 28                  687 	.db #0x28
   023D 00                  688 	.db #0x00
   023E 00                  689 	.db #0x00
   023F 28                  690 	.db #0x28
   0240 24                  691 	.db #0x24
   0241 00                  692 	.db #0x00
   0242 00                  693 	.db #0x00
   0243 94                  694 	.db #0x94
   0244 1F                  695 	.db #0x1F
   0245 94                  696 	.db #0x94
   0246 28                  697 	.db #0x28
   0247 00                  698 	.db #0x00
   0248 00                  699 	.db #0x00
   0249 28                  700 	.db #0x28
   024A 24                  701 	.db #0x24
   024B 00                  702 	.db #0x00
   024C 00                  703 	.db #0x00
   024D 9D                  704 	.db #0x9D
   024E 1F                  705 	.db #0x1F
   024F 8D                  706 	.db #0x8D
   0250 28                  707 	.db #0x28
   0251 00                  708 	.db #0x00
   0252 00                  709 	.db #0x00
   0253 28                  710 	.db #0x28
   0254 24                  711 	.db #0x24
   0255 00                  712 	.db #0x00
   0256 00                  713 	.db #0x00
   0257 9B                  714 	.db #0x9B
   0258 1F                  715 	.db #0x1F
   0259 94                  716 	.db #0x94
   025A 28                  717 	.db #0x28
   025B 00                  718 	.db #0x00
   025C 00                  719 	.db #0x00
   025D 28                  720 	.db #0x28
   025E 24                  721 	.db #0x24
   025F 00                  722 	.db #0x00
   0260 00                  723 	.db #0x00
   0261 9D                  724 	.db #0x9D
   0262 1F                  725 	.db #0x1F
   0263 8D                  726 	.db #0x8D
   0264 28                  727 	.db #0x28
   0265 00                  728 	.db #0x00
   0266 00                  729 	.db #0x00
   0267 28                  730 	.db #0x28
   0268 24                  731 	.db #0x24
   0269 00                  732 	.db #0x00
   026A 00                  733 	.db #0x00
   026B A0                  734 	.db #0xA0
   026C 1F                  735 	.db #0x1F
   026D 94                  736 	.db #0x94
   026E 28                  737 	.db #0x28
   026F 00                  738 	.db #0x00
   0270 00                  739 	.db #0x00
   0271 28                  740 	.db #0x28
   0272 24                  741 	.db #0x24
   0273 00                  742 	.db #0x00
   0274 00                  743 	.db #0x00
   0275 9D                  744 	.db #0x9D
   0276 1F                  745 	.db #0x1F
   0277 8D                  746 	.db #0x8D
   0278 28                  747 	.db #0x28
   0279 00                  748 	.db #0x00
   027A 00                  749 	.db #0x00
   027B 28                  750 	.db #0x28
   027C 24                  751 	.db #0x24
   027D 00                  752 	.db #0x00
   027E 00                  753 	.db #0x00
   027F 9B                  754 	.db #0x9B
   0280 1F                  755 	.db #0x1F
   0281 94                  756 	.db #0x94
   0282 18                  757 	.db #0x18
   0283 00                  758 	.db #0x00
   0284 00                  759 	.db #0x00
   0285 28                  760 	.db #0x28
   0286 24                  761 	.db #0x24
   0287 00                  762 	.db #0x00
   0288 00                  763 	.db #0x00
   0289 8A                  764 	.db #0x8A
   028A 1F                  765 	.db #0x1F
   028B 8A                  766 	.db #0x8A
   028C 18                  767 	.db #0x18
   028D 00                  768 	.db #0x00
   028E 00                  769 	.db #0x00
   028F 28                  770 	.db #0x28
   0290 24                  771 	.db #0x24
   0291 00                  772 	.db #0x00
   0292 00                  773 	.db #0x00
   0293 8F                  774 	.db #0x8F
   0294 1F                  775 	.db #0x1F
   0295 8F                  776 	.db #0x8F
   0296 18                  777 	.db #0x18
   0297 00                  778 	.db #0x00
   0298 00                  779 	.db #0x00
   0299 28                  780 	.db #0x28
   029A 24                  781 	.db #0x24
   029B 00                  782 	.db #0x00
   029C 00                  783 	.db #0x00
   029D 9B                  784 	.db #0x9B
   029E 1F                  785 	.db #0x1F
   029F 8A                  786 	.db #0x8A
   02A0 18                  787 	.db #0x18
   02A1 00                  788 	.db #0x00
   02A2 00                  789 	.db #0x00
   02A3 28                  790 	.db #0x28
   02A4 24                  791 	.db #0x24
   02A5 00                  792 	.db #0x00
   02A6 00                  793 	.db #0x00
   02A7 99                  794 	.db #0x99
   02A8 1F                  795 	.db #0x1F
   02A9 8F                  796 	.db #0x8F
   02AA 18                  797 	.db #0x18
   02AB 00                  798 	.db #0x00
   02AC 00                  799 	.db #0x00
   02AD 28                  800 	.db #0x28
   02AE 24                  801 	.db #0x24
   02AF 00                  802 	.db #0x00
   02B0 00                  803 	.db #0x00
   02B1 9B                  804 	.db #0x9B
   02B2 1F                  805 	.db #0x1F
   02B3 8A                  806 	.db #0x8A
   02B4 18                  807 	.db #0x18
   02B5 00                  808 	.db #0x00
   02B6 00                  809 	.db #0x00
   02B7 28                  810 	.db #0x28
   02B8 24                  811 	.db #0x24
   02B9 00                  812 	.db #0x00
   02BA 00                  813 	.db #0x00
   02BB 9D                  814 	.db #0x9D
   02BC 1F                  815 	.db #0x1F
   02BD 8F                  816 	.db #0x8F
   02BE 18                  817 	.db #0x18
   02BF 00                  818 	.db #0x00
   02C0 00                  819 	.db #0x00
   02C1 28                  820 	.db #0x28
   02C2 24                  821 	.db #0x24
   02C3 00                  822 	.db #0x00
   02C4 00                  823 	.db #0x00
   02C5 9B                  824 	.db #0x9B
   02C6 1F                  825 	.db #0x1F
   02C7 8A                  826 	.db #0x8A
   02C8 18                  827 	.db #0x18
   02C9 00                  828 	.db #0x00
   02CA 00                  829 	.db #0x00
   02CB 28                  830 	.db #0x28
   02CC 24                  831 	.db #0x24
   02CD 00                  832 	.db #0x00
   02CE 00                  833 	.db #0x00
   02CF 28                  834 	.db #0x28
   02D0 8F                  835 	.db #0x8F
   02D1 18                  836 	.db #0x18
   02D2 00                  837 	.db #0x00
   02D3 00                  838 	.db #0x00
   02D4 20                  839 	.db #0x20
   02D5 24                  840 	.db #0x24
   02D6 00                  841 	.db #0x00
   02D7 00                  842 	.db #0x00
   02D8 8A                  843 	.db #0x8A
   02D9 1F                  844 	.db #0x1F
   02DA 8A                  845 	.db #0x8A
   02DB 18                  846 	.db #0x18
   02DC 00                  847 	.db #0x00
   02DD 00                  848 	.db #0x00
   02DE 28                  849 	.db #0x28
   02DF 24                  850 	.db #0x24
   02E0 00                  851 	.db #0x00
   02E1 00                  852 	.db #0x00
   02E2 8F                  853 	.db #0x8F
   02E3 1F                  854 	.db #0x1F
   02E4 8F                  855 	.db #0x8F
   02E5 18                  856 	.db #0x18
   02E6 00                  857 	.db #0x00
   02E7 00                  858 	.db #0x00
   02E8 28                  859 	.db #0x28
   02E9 24                  860 	.db #0x24
   02EA 00                  861 	.db #0x00
   02EB 00                  862 	.db #0x00
   02EC 9B                  863 	.db #0x9B
   02ED 1F                  864 	.db #0x1F
   02EE 8A                  865 	.db #0x8A
   02EF 18                  866 	.db #0x18
   02F0 00                  867 	.db #0x00
   02F1 00                  868 	.db #0x00
   02F2 28                  869 	.db #0x28
   02F3 24                  870 	.db #0x24
   02F4 00                  871 	.db #0x00
   02F5 00                  872 	.db #0x00
   02F6 99                  873 	.db #0x99
   02F7 1F                  874 	.db #0x1F
   02F8 8F                  875 	.db #0x8F
   02F9 18                  876 	.db #0x18
   02FA 00                  877 	.db #0x00
   02FB 00                  878 	.db #0x00
   02FC 28                  879 	.db #0x28
   02FD 24                  880 	.db #0x24
   02FE 00                  881 	.db #0x00
   02FF 00                  882 	.db #0x00
   0300 9B                  883 	.db #0x9B
   0301 1F                  884 	.db #0x1F
   0302 8A                  885 	.db #0x8A
   0303 18                  886 	.db #0x18
   0304 00                  887 	.db #0x00
   0305 00                  888 	.db #0x00
   0306 28                  889 	.db #0x28
   0307 24                  890 	.db #0x24
   0308 00                  891 	.db #0x00
   0309 00                  892 	.db #0x00
   030A 9D                  893 	.db #0x9D
   030B 1F                  894 	.db #0x1F
   030C 8F                  895 	.db #0x8F
   030D 18                  896 	.db #0x18
   030E 00                  897 	.db #0x00
   030F 00                  898 	.db #0x00
   0310 28                  899 	.db #0x28
   0311 24                  900 	.db #0x24
   0312 00                  901 	.db #0x00
   0313 00                  902 	.db #0x00
   0314 9B                  903 	.db #0x9B
   0315 1F                  904 	.db #0x1F
   0316 8A                  905 	.db #0x8A
   0317 18                  906 	.db #0x18
   0318 00                  907 	.db #0x00
   0319 00                  908 	.db #0x00
   031A 28                  909 	.db #0x28
   031B 24                  910 	.db #0x24
   031C 00                  911 	.db #0x00
   031D 00                  912 	.db #0x00
   031E 99                  913 	.db #0x99
   031F 1F                  914 	.db #0x1F
   0320 8F                  915 	.db #0x8F
   0321 18                  916 	.db #0x18
   0322 00                  917 	.db #0x00
   0323 00                  918 	.db #0x00
   0324 28                  919 	.db #0x28
   0325 24                  920 	.db #0x24
   0326 00                  921 	.db #0x00
   0327 00                  922 	.db #0x00
   0328 8A                  923 	.db #0x8A
   0329 1F                  924 	.db #0x1F
   032A 8A                  925 	.db #0x8A
   032B 18                  926 	.db #0x18
   032C 00                  927 	.db #0x00
   032D 00                  928 	.db #0x00
   032E 28                  929 	.db #0x28
   032F 24                  930 	.db #0x24
   0330 00                  931 	.db #0x00
   0331 00                  932 	.db #0x00
   0332 8F                  933 	.db #0x8F
   0333 1F                  934 	.db #0x1F
   0334 8F                  935 	.db #0x8F
   0335 18                  936 	.db #0x18
   0336 00                  937 	.db #0x00
   0337 00                  938 	.db #0x00
   0338 28                  939 	.db #0x28
   0339 24                  940 	.db #0x24
   033A 00                  941 	.db #0x00
   033B 00                  942 	.db #0x00
   033C 9B                  943 	.db #0x9B
   033D 1F                  944 	.db #0x1F
   033E 8A                  945 	.db #0x8A
   033F 18                  946 	.db #0x18
   0340 00                  947 	.db #0x00
   0341 00                  948 	.db #0x00
   0342 28                  949 	.db #0x28
   0343 24                  950 	.db #0x24
   0344 00                  951 	.db #0x00
   0345 00                  952 	.db #0x00
   0346 99                  953 	.db #0x99
   0347 1F                  954 	.db #0x1F
   0348 8F                  955 	.db #0x8F
   0349 18                  956 	.db #0x18
   034A 00                  957 	.db #0x00
   034B 00                  958 	.db #0x00
   034C 28                  959 	.db #0x28
   034D 24                  960 	.db #0x24
   034E 00                  961 	.db #0x00
   034F 00                  962 	.db #0x00
   0350 9B                  963 	.db #0x9B
   0351 1F                  964 	.db #0x1F
   0352 8A                  965 	.db #0x8A
   0353 18                  966 	.db #0x18
   0354 00                  967 	.db #0x00
   0355 00                  968 	.db #0x00
   0356 28                  969 	.db #0x28
   0357 24                  970 	.db #0x24
   0358 00                  971 	.db #0x00
   0359 00                  972 	.db #0x00
   035A 9D                  973 	.db #0x9D
   035B 1F                  974 	.db #0x1F
   035C 8F                  975 	.db #0x8F
   035D 18                  976 	.db #0x18
   035E 00                  977 	.db #0x00
   035F 00                  978 	.db #0x00
   0360 28                  979 	.db #0x28
   0361 24                  980 	.db #0x24
   0362 00                  981 	.db #0x00
   0363 00                  982 	.db #0x00
   0364 9B                  983 	.db #0x9B
   0365 1F                  984 	.db #0x1F
   0366 8A                  985 	.db #0x8A
   0367 18                  986 	.db #0x18
   0368 00                  987 	.db #0x00
   0369 00                  988 	.db #0x00
   036A 28                  989 	.db #0x28
   036B 24                  990 	.db #0x24
   036C 00                  991 	.db #0x00
   036D 00                  992 	.db #0x00
   036E 28                  993 	.db #0x28
   036F 8F                  994 	.db #0x8F
   0370 18                  995 	.db #0x18
   0371 00                  996 	.db #0x00
   0372 00                  997 	.db #0x00
   0373 20                  998 	.db #0x20
   0374 24                  999 	.db #0x24
   0375 00                 1000 	.db #0x00
   0376 00                 1001 	.db #0x00
   0377                    1002 _MainTheme3:
   0377 8A                 1003 	.db #0x8A
   0378 1F                 1004 	.db #0x1F
   0379 8A                 1005 	.db #0x8A
   037A 18                 1006 	.db #0x18
   037B 00                 1007 	.db #0x00
   037C 00                 1008 	.db #0x00
   037D 28                 1009 	.db #0x28
   037E 24                 1010 	.db #0x24
   037F 00                 1011 	.db #0x00
   0380 00                 1012 	.db #0x00
   0381 8F                 1013 	.db #0x8F
   0382 1F                 1014 	.db #0x1F
   0383 8F                 1015 	.db #0x8F
   0384 18                 1016 	.db #0x18
   0385 00                 1017 	.db #0x00
   0386 00                 1018 	.db #0x00
   0387 28                 1019 	.db #0x28
   0388 24                 1020 	.db #0x24
   0389 00                 1021 	.db #0x00
   038A 00                 1022 	.db #0x00
   038B 9B                 1023 	.db #0x9B
   038C 1F                 1024 	.db #0x1F
   038D 8A                 1025 	.db #0x8A
   038E 18                 1026 	.db #0x18
   038F 00                 1027 	.db #0x00
   0390 00                 1028 	.db #0x00
   0391 28                 1029 	.db #0x28
   0392 24                 1030 	.db #0x24
   0393 00                 1031 	.db #0x00
   0394 00                 1032 	.db #0x00
   0395 99                 1033 	.db #0x99
   0396 1F                 1034 	.db #0x1F
   0397 8F                 1035 	.db #0x8F
   0398 18                 1036 	.db #0x18
   0399 00                 1037 	.db #0x00
   039A 00                 1038 	.db #0x00
   039B 28                 1039 	.db #0x28
   039C 24                 1040 	.db #0x24
   039D 00                 1041 	.db #0x00
   039E 00                 1042 	.db #0x00
   039F 9B                 1043 	.db #0x9B
   03A0 1F                 1044 	.db #0x1F
   03A1 8A                 1045 	.db #0x8A
   03A2 18                 1046 	.db #0x18
   03A3 00                 1047 	.db #0x00
   03A4 00                 1048 	.db #0x00
   03A5 28                 1049 	.db #0x28
   03A6 24                 1050 	.db #0x24
   03A7 00                 1051 	.db #0x00
   03A8 00                 1052 	.db #0x00
   03A9 9D                 1053 	.db #0x9D
   03AA 1F                 1054 	.db #0x1F
   03AB 8F                 1055 	.db #0x8F
   03AC 18                 1056 	.db #0x18
   03AD 00                 1057 	.db #0x00
   03AE 00                 1058 	.db #0x00
   03AF 28                 1059 	.db #0x28
   03B0 24                 1060 	.db #0x24
   03B1 00                 1061 	.db #0x00
   03B2 00                 1062 	.db #0x00
   03B3 9B                 1063 	.db #0x9B
   03B4 1F                 1064 	.db #0x1F
   03B5 8A                 1065 	.db #0x8A
   03B6 18                 1066 	.db #0x18
   03B7 00                 1067 	.db #0x00
   03B8 00                 1068 	.db #0x00
   03B9 28                 1069 	.db #0x28
   03BA 24                 1070 	.db #0x24
   03BB 00                 1071 	.db #0x00
   03BC 00                 1072 	.db #0x00
   03BD 99                 1073 	.db #0x99
   03BE 1F                 1074 	.db #0x1F
   03BF 8F                 1075 	.db #0x8F
   03C0 18                 1076 	.db #0x18
   03C1 00                 1077 	.db #0x00
   03C2 00                 1078 	.db #0x00
   03C3 20                 1079 	.db #0x20
   03C4 24                 1080 	.db #0x24
   03C5 00                 1081 	.db #0x00
   03C6 48                 1082 	.db #0x48
   03C7 00                 1083 	.db #0x00
   03C8 00                 1084 	.db #0x00
   03C9 28                 1085 	.db #0x28
   03CA 00                 1086 	.db #0x00
   03CB 00                 1087 	.db #0x00
   03CC 00                 1088 	.db #0x00
   03CD 24                 1089 	.db #0x24
   03CE 00                 1090 	.db #0x00
   03CF 00                 1091 	.db #0x00
   03D0 00                 1092 	.db #0x00
   03D1 28                 1093 	.db #0x28
   03D2 00                 1094 	.db #0x00
   03D3 00                 1095 	.db #0x00
   03D4 00                 1096 	.db #0x00
   03D5 24                 1097 	.db #0x24
   03D6 00                 1098 	.db #0x00
   03D7 00                 1099 	.db #0x00
   03D8 00                 1100 	.db #0x00
   03D9 28                 1101 	.db #0x28
   03DA 00                 1102 	.db #0x00
   03DB 00                 1103 	.db #0x00
   03DC 00                 1104 	.db #0x00
   03DD 24                 1105 	.db #0x24
   03DE 00                 1106 	.db #0x00
   03DF 00                 1107 	.db #0x00
   03E0 00                 1108 	.db #0x00
   03E1 28                 1109 	.db #0x28
   03E2 00                 1110 	.db #0x00
   03E3 00                 1111 	.db #0x00
   03E4 00                 1112 	.db #0x00
   03E5 24                 1113 	.db #0x24
   03E6 00                 1114 	.db #0x00
   03E7 00                 1115 	.db #0x00
   03E8 00                 1116 	.db #0x00
   03E9 28                 1117 	.db #0x28
   03EA 00                 1118 	.db #0x00
   03EB 00                 1119 	.db #0x00
   03EC 00                 1120 	.db #0x00
   03ED 24                 1121 	.db #0x24
   03EE 00                 1122 	.db #0x00
   03EF 00                 1123 	.db #0x00
   03F0 00                 1124 	.db #0x00
   03F1 28                 1125 	.db #0x28
   03F2 00                 1126 	.db #0x00
   03F3 00                 1127 	.db #0x00
   03F4 00                 1128 	.db #0x00
   03F5 24                 1129 	.db #0x24
   03F6 00                 1130 	.db #0x00
   03F7 00                 1131 	.db #0x00
   03F8 00                 1132 	.db #0x00
   03F9 28                 1133 	.db #0x28
   03FA 00                 1134 	.db #0x00
   03FB 00                 1135 	.db #0x00
   03FC 00                 1136 	.db #0x00
   03FD 24                 1137 	.db #0x24
   03FE 00                 1138 	.db #0x00
   03FF 00                 1139 	.db #0x00
   0400 00                 1140 	.db #0x00
   0401 28                 1141 	.db #0x28
   0402 00                 1142 	.db #0x00
   0403 00                 1143 	.db #0x00
   0404 00                 1144 	.db #0x00
   0405 24                 1145 	.db #0x24
   0406 00                 1146 	.db #0x00
   0407 00                 1147 	.db #0x00
   0408 00                 1148 	.db #0x00
   0409 28                 1149 	.db #0x28
   040A 00                 1150 	.db #0x00
   040B 00                 1151 	.db #0x00
   040C 00                 1152 	.db #0x00
   040D 24                 1153 	.db #0x24
   040E 00                 1154 	.db #0x00
   040F 00                 1155 	.db #0x00
   0410 00                 1156 	.db #0x00
   0411 28                 1157 	.db #0x28
   0412 00                 1158 	.db #0x00
   0413 00                 1159 	.db #0x00
   0414 00                 1160 	.db #0x00
   0415 24                 1161 	.db #0x24
   0416 00                 1162 	.db #0x00
   0417 00                 1163 	.db #0x00
   0418 00                 1164 	.db #0x00
   0419 28                 1165 	.db #0x28
   041A 00                 1166 	.db #0x00
   041B 00                 1167 	.db #0x00
   041C 00                 1168 	.db #0x00
   041D 24                 1169 	.db #0x24
   041E 00                 1170 	.db #0x00
   041F 00                 1171 	.db #0x00
   0420 00                 1172 	.db #0x00
   0421 28                 1173 	.db #0x28
   0422 00                 1174 	.db #0x00
   0423 00                 1175 	.db #0x00
   0424 00                 1176 	.db #0x00
   0425 24                 1177 	.db #0x24
   0426 00                 1178 	.db #0x00
   0427 00                 1179 	.db #0x00
   0428 00                 1180 	.db #0x00
   0429 28                 1181 	.db #0x28
   042A 00                 1182 	.db #0x00
   042B 00                 1183 	.db #0x00
   042C 00                 1184 	.db #0x00
   042D 24                 1185 	.db #0x24
   042E 00                 1186 	.db #0x00
   042F 00                 1187 	.db #0x00
   0430 00                 1188 	.db #0x00
   0431 28                 1189 	.db #0x28
   0432 00                 1190 	.db #0x00
   0433 00                 1191 	.db #0x00
   0434 00                 1192 	.db #0x00
   0435 24                 1193 	.db #0x24
   0436 00                 1194 	.db #0x00
   0437 00                 1195 	.db #0x00
   0438 00                 1196 	.db #0x00
   0439 28                 1197 	.db #0x28
   043A 00                 1198 	.db #0x00
   043B 00                 1199 	.db #0x00
   043C 00                 1200 	.db #0x00
   043D 24                 1201 	.db #0x24
   043E 00                 1202 	.db #0x00
   043F 00                 1203 	.db #0x00
   0440 00                 1204 	.db #0x00
   0441 28                 1205 	.db #0x28
   0442 00                 1206 	.db #0x00
   0443 00                 1207 	.db #0x00
   0444 00                 1208 	.db #0x00
   0445 24                 1209 	.db #0x24
   0446 00                 1210 	.db #0x00
   0447 00                 1211 	.db #0x00
   0448 00                 1212 	.db #0x00
   0449 28                 1213 	.db #0x28
   044A 00                 1214 	.db #0x00
   044B 00                 1215 	.db #0x00
   044C 00                 1216 	.db #0x00
   044D 24                 1217 	.db #0x24
   044E 00                 1218 	.db #0x00
   044F 00                 1219 	.db #0x00
   0450 00                 1220 	.db #0x00
   0451 28                 1221 	.db #0x28
   0452 00                 1222 	.db #0x00
   0453 00                 1223 	.db #0x00
   0454 00                 1224 	.db #0x00
   0455 24                 1225 	.db #0x24
   0456 00                 1226 	.db #0x00
   0457 00                 1227 	.db #0x00
   0458 00                 1228 	.db #0x00
   0459 28                 1229 	.db #0x28
   045A 00                 1230 	.db #0x00
   045B 00                 1231 	.db #0x00
   045C 00                 1232 	.db #0x00
   045D 24                 1233 	.db #0x24
   045E 00                 1234 	.db #0x00
   045F 00                 1235 	.db #0x00
   0460 00                 1236 	.db #0x00
   0461 28                 1237 	.db #0x28
   0462 00                 1238 	.db #0x00
   0463 00                 1239 	.db #0x00
   0464 00                 1240 	.db #0x00
   0465 24                 1241 	.db #0x24
   0466 00                 1242 	.db #0x00
   0467 00                 1243 	.db #0x00
   0468 00                 1244 	.db #0x00
   0469 28                 1245 	.db #0x28
   046A 00                 1246 	.db #0x00
   046B 00                 1247 	.db #0x00
   046C 00                 1248 	.db #0x00
   046D 24                 1249 	.db #0x24
   046E 00                 1250 	.db #0x00
   046F 00                 1251 	.db #0x00
   0470 00                 1252 	.db #0x00
   0471 28                 1253 	.db #0x28
   0472 00                 1254 	.db #0x00
   0473 00                 1255 	.db #0x00
   0474 00                 1256 	.db #0x00
   0475 24                 1257 	.db #0x24
   0476 00                 1258 	.db #0x00
   0477 00                 1259 	.db #0x00
   0478 00                 1260 	.db #0x00
   0479 28                 1261 	.db #0x28
   047A 00                 1262 	.db #0x00
   047B 00                 1263 	.db #0x00
   047C 00                 1264 	.db #0x00
   047D 24                 1265 	.db #0x24
   047E 00                 1266 	.db #0x00
   047F 00                 1267 	.db #0x00
   0480 00                 1268 	.db #0x00
   0481 28                 1269 	.db #0x28
   0482 00                 1270 	.db #0x00
   0483 00                 1271 	.db #0x00
   0484 00                 1272 	.db #0x00
   0485 24                 1273 	.db #0x24
   0486 00                 1274 	.db #0x00
   0487 00                 1275 	.db #0x00
ASxxxx Assembler V01.75  (GameBoy Z80-like CPU), page 1.

Symbol Table

  9 _MainTheme0                        0000 GR
  9 _MainTheme1                        010A GR
  9 _MainTheme2                        0239 GR
  9 _MainTheme3                        0377 GR
  1 _MainTheme_Data                    0000 GR

ASxxxx Assembler V01.75  (GameBoy Z80-like CPU), page 2.

Area Table

   0 _CODE                              size    0   flags 0
   1 _DATA                              size    A   flags 0
   2 _OVERLAY                           size    0   flags 0
   3 _ISEG                              size    0   flags 0
   4 _BSEG                              size    0   flags 0
   5 _XSEG                              size    0   flags 0
   6 _GSINIT                            size   3A   flags 0
   7 _GSFINAL                           size    0   flags 0
   8 _HOME                              size    0   flags 0
   9 _CODE_5                            size  488   flags 0
